Archive member included to satisfy reference by file (symbol)

c:/ac6/systemworkbench/plugins/fr.ac6.mcu.externaltools.arm-none.win32_1.17.0.201812190825/tools/compiler/bin/../lib/gcc/arm-none-eabi/7.3.1/thumb/v7e-m/fpv4-sp/hard\libgcc.a(_arm_addsubdf3.o)
                              Core/Src/main.o (__aeabi_i2d)
c:/ac6/systemworkbench/plugins/fr.ac6.mcu.externaltools.arm-none.win32_1.17.0.201812190825/tools/compiler/bin/../lib/gcc/arm-none-eabi/7.3.1/thumb/v7e-m/fpv4-sp/hard\libgcc.a(_arm_muldivdf3.o)
                              Core/Src/main.o (__aeabi_ddiv)
c:/ac6/systemworkbench/plugins/fr.ac6.mcu.externaltools.arm-none.win32_1.17.0.201812190825/tools/compiler/bin/../lib/gcc/arm-none-eabi/7.3.1/thumb/v7e-m/fpv4-sp/hard\libgcc.a(_arm_fixunsdfsi.o)
                              Core/Src/main.o (__aeabi_d2uiz)
c:/ac6/systemworkbench/plugins/fr.ac6.mcu.externaltools.arm-none.win32_1.17.0.201812190825/tools/compiler/bin/../lib/gcc/arm-none-eabi/7.3.1/../../../../arm-none-eabi/lib/thumb/v7e-m/fpv4-sp/hard\libc_nano.a(lib_a-errno.o)
                              Core/Src/syscalls.o (__errno)
c:/ac6/systemworkbench/plugins/fr.ac6.mcu.externaltools.arm-none.win32_1.17.0.201812190825/tools/compiler/bin/../lib/gcc/arm-none-eabi/7.3.1/../../../../arm-none-eabi/lib/thumb/v7e-m/fpv4-sp/hard\libc_nano.a(lib_a-exit.o)
                              c:/ac6/systemworkbench/plugins/fr.ac6.mcu.externaltools.arm-none.win32_1.17.0.201812190825/tools/compiler/bin/../lib/gcc/arm-none-eabi/7.3.1/../../../../arm-none-eabi/lib/thumb/v7e-m/fpv4-sp/hard/crt0.o (exit)
c:/ac6/systemworkbench/plugins/fr.ac6.mcu.externaltools.arm-none.win32_1.17.0.201812190825/tools/compiler/bin/../lib/gcc/arm-none-eabi/7.3.1/../../../../arm-none-eabi/lib/thumb/v7e-m/fpv4-sp/hard\libc_nano.a(lib_a-impure.o)
                              c:/ac6/systemworkbench/plugins/fr.ac6.mcu.externaltools.arm-none.win32_1.17.0.201812190825/tools/compiler/bin/../lib/gcc/arm-none-eabi/7.3.1/../../../../arm-none-eabi/lib/thumb/v7e-m/fpv4-sp/hard\libc_nano.a(lib_a-exit.o) (_global_impure_ptr)
c:/ac6/systemworkbench/plugins/fr.ac6.mcu.externaltools.arm-none.win32_1.17.0.201812190825/tools/compiler/bin/../lib/gcc/arm-none-eabi/7.3.1/../../../../arm-none-eabi/lib/thumb/v7e-m/fpv4-sp/hard\libc_nano.a(lib_a-init.o)
                              c:/ac6/systemworkbench/plugins/fr.ac6.mcu.externaltools.arm-none.win32_1.17.0.201812190825/tools/compiler/bin/../lib/gcc/arm-none-eabi/7.3.1/../../../../arm-none-eabi/lib/thumb/v7e-m/fpv4-sp/hard/crt0.o (__libc_init_array)
c:/ac6/systemworkbench/plugins/fr.ac6.mcu.externaltools.arm-none.win32_1.17.0.201812190825/tools/compiler/bin/../lib/gcc/arm-none-eabi/7.3.1/../../../../arm-none-eabi/lib/thumb/v7e-m/fpv4-sp/hard\libc_nano.a(lib_a-itoa.o)
                              Drivers/src/LCD.o (itoa)
c:/ac6/systemworkbench/plugins/fr.ac6.mcu.externaltools.arm-none.win32_1.17.0.201812190825/tools/compiler/bin/../lib/gcc/arm-none-eabi/7.3.1/../../../../arm-none-eabi/lib/thumb/v7e-m/fpv4-sp/hard\libc_nano.a(lib_a-memset.o)
                              c:/ac6/systemworkbench/plugins/fr.ac6.mcu.externaltools.arm-none.win32_1.17.0.201812190825/tools/compiler/bin/../lib/gcc/arm-none-eabi/7.3.1/../../../../arm-none-eabi/lib/thumb/v7e-m/fpv4-sp/hard/crt0.o (memset)
c:/ac6/systemworkbench/plugins/fr.ac6.mcu.externaltools.arm-none.win32_1.17.0.201812190825/tools/compiler/bin/../lib/gcc/arm-none-eabi/7.3.1/../../../../arm-none-eabi/lib/thumb/v7e-m/fpv4-sp/hard\libc_nano.a(lib_a-utoa.o)
                              c:/ac6/systemworkbench/plugins/fr.ac6.mcu.externaltools.arm-none.win32_1.17.0.201812190825/tools/compiler/bin/../lib/gcc/arm-none-eabi/7.3.1/../../../../arm-none-eabi/lib/thumb/v7e-m/fpv4-sp/hard\libc_nano.a(lib_a-itoa.o) (__utoa)

Allocating common symbols
Common symbol       size              file

Data                0x2               Core/Src/main.o

Discarded input sections

 .text          0x00000000        0x0 c:/ac6/systemworkbench/plugins/fr.ac6.mcu.externaltools.arm-none.win32_1.17.0.201812190825/tools/compiler/bin/../lib/gcc/arm-none-eabi/7.3.1/thumb/v7e-m/fpv4-sp/hard/crti.o
 .data          0x00000000        0x0 c:/ac6/systemworkbench/plugins/fr.ac6.mcu.externaltools.arm-none.win32_1.17.0.201812190825/tools/compiler/bin/../lib/gcc/arm-none-eabi/7.3.1/thumb/v7e-m/fpv4-sp/hard/crti.o
 .bss           0x00000000        0x0 c:/ac6/systemworkbench/plugins/fr.ac6.mcu.externaltools.arm-none.win32_1.17.0.201812190825/tools/compiler/bin/../lib/gcc/arm-none-eabi/7.3.1/thumb/v7e-m/fpv4-sp/hard/crti.o
 .data          0x00000000        0x4 c:/ac6/systemworkbench/plugins/fr.ac6.mcu.externaltools.arm-none.win32_1.17.0.201812190825/tools/compiler/bin/../lib/gcc/arm-none-eabi/7.3.1/thumb/v7e-m/fpv4-sp/hard/crtbegin.o
 .text          0x00000000       0x74 c:/ac6/systemworkbench/plugins/fr.ac6.mcu.externaltools.arm-none.win32_1.17.0.201812190825/tools/compiler/bin/../lib/gcc/arm-none-eabi/7.3.1/../../../../arm-none-eabi/lib/thumb/v7e-m/fpv4-sp/hard/crt0.o
 .data          0x00000000        0x0 c:/ac6/systemworkbench/plugins/fr.ac6.mcu.externaltools.arm-none.win32_1.17.0.201812190825/tools/compiler/bin/../lib/gcc/arm-none-eabi/7.3.1/../../../../arm-none-eabi/lib/thumb/v7e-m/fpv4-sp/hard/crt0.o
 .bss           0x00000000        0x0 c:/ac6/systemworkbench/plugins/fr.ac6.mcu.externaltools.arm-none.win32_1.17.0.201812190825/tools/compiler/bin/../lib/gcc/arm-none-eabi/7.3.1/../../../../arm-none-eabi/lib/thumb/v7e-m/fpv4-sp/hard/crt0.o
 .ARM.extab     0x00000000        0x0 c:/ac6/systemworkbench/plugins/fr.ac6.mcu.externaltools.arm-none.win32_1.17.0.201812190825/tools/compiler/bin/../lib/gcc/arm-none-eabi/7.3.1/../../../../arm-none-eabi/lib/thumb/v7e-m/fpv4-sp/hard/crt0.o
 .ARM.exidx     0x00000000        0x8 c:/ac6/systemworkbench/plugins/fr.ac6.mcu.externaltools.arm-none.win32_1.17.0.201812190825/tools/compiler/bin/../lib/gcc/arm-none-eabi/7.3.1/../../../../arm-none-eabi/lib/thumb/v7e-m/fpv4-sp/hard/crt0.o
 .ARM.attributes
                0x00000000       0x20 c:/ac6/systemworkbench/plugins/fr.ac6.mcu.externaltools.arm-none.win32_1.17.0.201812190825/tools/compiler/bin/../lib/gcc/arm-none-eabi/7.3.1/../../../../arm-none-eabi/lib/thumb/v7e-m/fpv4-sp/hard/crt0.o
 .group         0x00000000        0xc Core/Src/main.o
 .group         0x00000000        0xc Core/Src/main.o
 .group         0x00000000        0xc Core/Src/main.o
 .group         0x00000000        0xc Core/Src/main.o
 .group         0x00000000        0xc Core/Src/main.o
 .group         0x00000000        0xc Core/Src/main.o
 .group         0x00000000        0xc Core/Src/main.o
 .group         0x00000000        0xc Core/Src/main.o
 .group         0x00000000        0xc Core/Src/main.o
 .group         0x00000000        0xc Core/Src/main.o
 .group         0x00000000        0xc Core/Src/main.o
 .group         0x00000000        0xc Core/Src/main.o
 .group         0x00000000        0xc Core/Src/main.o
 .group         0x00000000        0xc Core/Src/main.o
 .group         0x00000000        0xc Core/Src/main.o
 .group         0x00000000        0xc Core/Src/main.o
 .group         0x00000000        0xc Core/Src/main.o
 .group         0x00000000        0xc Core/Src/main.o
 .text          0x00000000        0x0 Core/Src/main.o
 .data          0x00000000        0x0 Core/Src/main.o
 .bss           0x00000000        0x0 Core/Src/main.o
 .text.ISR      0x00000000       0x50 Core/Src/main.o
 .group         0x00000000        0xc Core/Src/syscalls.o
 .group         0x00000000        0xc Core/Src/syscalls.o
 .group         0x00000000        0xc Core/Src/syscalls.o
 .group         0x00000000        0xc Core/Src/syscalls.o
 .group         0x00000000        0xc Core/Src/syscalls.o
 .group         0x00000000        0xc Core/Src/syscalls.o
 .group         0x00000000        0xc Core/Src/syscalls.o
 .group         0x00000000        0xc Core/Src/syscalls.o
 .group         0x00000000        0xc Core/Src/syscalls.o
 .group         0x00000000        0xc Core/Src/syscalls.o
 .group         0x00000000        0xc Core/Src/syscalls.o
 .group         0x00000000        0xc Core/Src/syscalls.o
 .group         0x00000000        0xc Core/Src/syscalls.o
 .group         0x00000000        0xc Core/Src/syscalls.o
 .group         0x00000000        0xc Core/Src/syscalls.o
 .group         0x00000000        0xc Core/Src/syscalls.o
 .group         0x00000000        0xc Core/Src/syscalls.o
 .group         0x00000000        0xc Core/Src/syscalls.o
 .group         0x00000000        0xc Core/Src/syscalls.o
 .group         0x00000000        0xc Core/Src/syscalls.o
 .group         0x00000000        0xc Core/Src/syscalls.o
 .group         0x00000000        0xc Core/Src/syscalls.o
 .group         0x00000000        0xc Core/Src/syscalls.o
 .group         0x00000000        0xc Core/Src/syscalls.o
 .group         0x00000000        0xc Core/Src/syscalls.o
 .group         0x00000000        0xc Core/Src/syscalls.o
 .group         0x00000000        0xc Core/Src/syscalls.o
 .group         0x00000000        0xc Core/Src/syscalls.o
 .group         0x00000000        0xc Core/Src/syscalls.o
 .group         0x00000000        0xc Core/Src/syscalls.o
 .group         0x00000000        0xc Core/Src/syscalls.o
 .group         0x00000000        0xc Core/Src/syscalls.o
 .group         0x00000000        0xc Core/Src/syscalls.o
 .group         0x00000000        0xc Core/Src/syscalls.o
 .group         0x00000000        0xc Core/Src/syscalls.o
 .group         0x00000000        0xc Core/Src/syscalls.o
 .group         0x00000000        0xc Core/Src/syscalls.o
 .group         0x00000000        0xc Core/Src/syscalls.o
 .group         0x00000000        0xc Core/Src/syscalls.o
 .group         0x00000000        0xc Core/Src/syscalls.o
 .group         0x00000000        0xc Core/Src/syscalls.o
 .group         0x00000000        0xc Core/Src/syscalls.o
 .group         0x00000000        0xc Core/Src/syscalls.o
 .group         0x00000000        0xc Core/Src/syscalls.o
 .text          0x00000000        0x0 Core/Src/syscalls.o
 .data          0x00000000        0x4 Core/Src/syscalls.o
 .bss           0x00000000        0x8 Core/Src/syscalls.o
 .text.initialise_monitor_handles
                0x00000000        0x2 Core/Src/syscalls.o
 .text._getpid  0x00000000        0x4 Core/Src/syscalls.o
 .text._kill    0x00000000       0x10 Core/Src/syscalls.o
 .text._exit    0x00000000        0xc Core/Src/syscalls.o
 .text._read    0x00000000       0x1c Core/Src/syscalls.o
 .text._write   0x00000000       0x1c Core/Src/syscalls.o
 .text._sbrk    0x00000000       0x3c Core/Src/syscalls.o
 .text._close   0x00000000        0x6 Core/Src/syscalls.o
 .text._fstat   0x00000000        0xa Core/Src/syscalls.o
 .text._isatty  0x00000000        0x4 Core/Src/syscalls.o
 .text._lseek   0x00000000        0x4 Core/Src/syscalls.o
 .text._open    0x00000000        0xa Core/Src/syscalls.o
 .text._wait    0x00000000       0x10 Core/Src/syscalls.o
 .text._unlink  0x00000000       0x10 Core/Src/syscalls.o
 .text._times   0x00000000        0x6 Core/Src/syscalls.o
 .text._stat    0x00000000        0xa Core/Src/syscalls.o
 .text._link    0x00000000       0x10 Core/Src/syscalls.o
 .text._fork    0x00000000       0x10 Core/Src/syscalls.o
 .text._execve  0x00000000       0x10 Core/Src/syscalls.o
 .debug_info    0x00000000      0xfd3 Core/Src/syscalls.o
 .debug_abbrev  0x00000000      0x2d4 Core/Src/syscalls.o
 .debug_loc     0x00000000      0x3af Core/Src/syscalls.o
 .debug_aranges
                0x00000000       0xb0 Core/Src/syscalls.o
 .debug_ranges  0x00000000       0xa0 Core/Src/syscalls.o
 .debug_macro   0x00000000      0x243 Core/Src/syscalls.o
 .debug_macro   0x00000000      0xa4e Core/Src/syscalls.o
 .debug_macro   0x00000000       0x22 Core/Src/syscalls.o
 .debug_macro   0x00000000       0x58 Core/Src/syscalls.o
 .debug_macro   0x00000000       0x18 Core/Src/syscalls.o
 .debug_macro   0x00000000       0x94 Core/Src/syscalls.o
 .debug_macro   0x00000000       0x35 Core/Src/syscalls.o
 .debug_macro   0x00000000       0x34 Core/Src/syscalls.o
 .debug_macro   0x00000000       0x57 Core/Src/syscalls.o
 .debug_macro   0x00000000      0x174 Core/Src/syscalls.o
 .debug_macro   0x00000000      0x330 Core/Src/syscalls.o
 .debug_macro   0x00000000       0x58 Core/Src/syscalls.o
 .debug_macro   0x00000000       0x1f Core/Src/syscalls.o
 .debug_macro   0x00000000       0x43 Core/Src/syscalls.o
 .debug_macro   0x00000000       0x20 Core/Src/syscalls.o
 .debug_macro   0x00000000      0x18e Core/Src/syscalls.o
 .debug_macro   0x00000000       0x10 Core/Src/syscalls.o
 .debug_macro   0x00000000       0x35 Core/Src/syscalls.o
 .debug_macro   0x00000000       0x10 Core/Src/syscalls.o
 .debug_macro   0x00000000       0x10 Core/Src/syscalls.o
 .debug_macro   0x00000000       0x10 Core/Src/syscalls.o
 .debug_macro   0x00000000       0x6a Core/Src/syscalls.o
 .debug_macro   0x00000000       0x1c Core/Src/syscalls.o
 .debug_macro   0x00000000       0x52 Core/Src/syscalls.o
 .debug_macro   0x00000000       0x40 Core/Src/syscalls.o
 .debug_macro   0x00000000       0x10 Core/Src/syscalls.o
 .debug_macro   0x00000000       0x40 Core/Src/syscalls.o
 .debug_macro   0x00000000       0xd7 Core/Src/syscalls.o
 .debug_macro   0x00000000       0x1c Core/Src/syscalls.o
 .debug_macro   0x00000000       0x3d Core/Src/syscalls.o
 .debug_macro   0x00000000       0x35 Core/Src/syscalls.o
 .debug_macro   0x00000000      0x122 Core/Src/syscalls.o
 .debug_macro   0x00000000       0x16 Core/Src/syscalls.o
 .debug_macro   0x00000000       0x16 Core/Src/syscalls.o
 .debug_macro   0x00000000       0x29 Core/Src/syscalls.o
 .debug_macro   0x00000000       0x10 Core/Src/syscalls.o
 .debug_macro   0x00000000      0x241 Core/Src/syscalls.o
 .debug_macro   0x00000000       0x1c Core/Src/syscalls.o
 .debug_macro   0x00000000       0x10 Core/Src/syscalls.o
 .debug_macro   0x00000000       0x10 Core/Src/syscalls.o
 .debug_macro   0x00000000       0x16 Core/Src/syscalls.o
 .debug_macro   0x00000000      0x16f Core/Src/syscalls.o
 .debug_macro   0x00000000      0x189 Core/Src/syscalls.o
 .debug_macro   0x00000000       0x16 Core/Src/syscalls.o
 .debug_macro   0x00000000       0x88 Core/Src/syscalls.o
 .debug_line    0x00000000      0x5d6 Core/Src/syscalls.o
 .debug_str     0x00000000     0x857e Core/Src/syscalls.o
 .comment       0x00000000       0x80 Core/Src/syscalls.o
 .debug_frame   0x00000000      0x1a8 Core/Src/syscalls.o
 .ARM.attributes
                0x00000000       0x39 Core/Src/syscalls.o
 .group         0x00000000        0xc Core/Src/system_stm32f4xx.o
 .group         0x00000000        0xc Core/Src/system_stm32f4xx.o
 .group         0x00000000        0xc Core/Src/system_stm32f4xx.o
 .group         0x00000000        0xc Core/Src/system_stm32f4xx.o
 .group         0x00000000        0xc Core/Src/system_stm32f4xx.o
 .group         0x00000000        0xc Core/Src/system_stm32f4xx.o
 .group         0x00000000        0xc Core/Src/system_stm32f4xx.o
 .group         0x00000000        0xc Core/Src/system_stm32f4xx.o
 .group         0x00000000        0xc Core/Src/system_stm32f4xx.o
 .group         0x00000000        0xc Core/Src/system_stm32f4xx.o
 .group         0x00000000        0xc Core/Src/system_stm32f4xx.o
 .group         0x00000000        0xc Core/Src/system_stm32f4xx.o
 .group         0x00000000        0xc Core/Src/system_stm32f4xx.o
 .group         0x00000000        0xc Core/Src/system_stm32f4xx.o
 .group         0x00000000        0xc Core/Src/system_stm32f4xx.o
 .group         0x00000000        0xc Core/Src/system_stm32f4xx.o
 .text          0x00000000        0x0 Core/Src/system_stm32f4xx.o
 .data          0x00000000        0x4 Core/Src/system_stm32f4xx.o
 .bss           0x00000000        0x0 Core/Src/system_stm32f4xx.o
 .text.SystemCoreClockUpdate
                0x00000000       0xa0 Core/Src/system_stm32f4xx.o
 .rodata        0x00000000       0x18 Core/Src/system_stm32f4xx.o
 .debug_macro   0x00000000      0xa4e Core/Src/system_stm32f4xx.o
 .debug_macro   0x00000000       0x2e Core/Src/system_stm32f4xx.o
 .debug_macro   0x00000000       0x28 Core/Src/system_stm32f4xx.o
 .debug_macro   0x00000000       0x22 Core/Src/system_stm32f4xx.o
 .debug_macro   0x00000000       0x8e Core/Src/system_stm32f4xx.o
 .debug_macro   0x00000000       0x51 Core/Src/system_stm32f4xx.o
 .debug_macro   0x00000000       0xef Core/Src/system_stm32f4xx.o
 .debug_macro   0x00000000       0x6a Core/Src/system_stm32f4xx.o
 .debug_macro   0x00000000      0x1df Core/Src/system_stm32f4xx.o
 .debug_macro   0x00000000       0x1c Core/Src/system_stm32f4xx.o
 .debug_macro   0x00000000       0x22 Core/Src/system_stm32f4xx.o
 .debug_macro   0x00000000       0xdf Core/Src/system_stm32f4xx.o
 .debug_macro   0x00000000     0x102d Core/Src/system_stm32f4xx.o
 .debug_macro   0x00000000      0x11f Core/Src/system_stm32f4xx.o
 .debug_macro   0x00000000     0xb86c Core/Src/system_stm32f4xx.o
 .debug_macro   0x00000000       0x6d Core/Src/system_stm32f4xx.o
 .group         0x00000000        0xc Drivers/src/ADC.o
 .group         0x00000000        0xc Drivers/src/ADC.o
 .group         0x00000000        0xc Drivers/src/ADC.o
 .group         0x00000000        0xc Drivers/src/ADC.o
 .group         0x00000000        0xc Drivers/src/ADC.o
 .group         0x00000000        0xc Drivers/src/ADC.o
 .group         0x00000000        0xc Drivers/src/ADC.o
 .group         0x00000000        0xc Drivers/src/ADC.o
 .group         0x00000000        0xc Drivers/src/ADC.o
 .group         0x00000000        0xc Drivers/src/ADC.o
 .group         0x00000000        0xc Drivers/src/ADC.o
 .group         0x00000000        0xc Drivers/src/ADC.o
 .group         0x00000000        0xc Drivers/src/ADC.o
 .group         0x00000000        0xc Drivers/src/ADC.o
 .group         0x00000000        0xc Drivers/src/ADC.o
 .group         0x00000000        0xc Drivers/src/ADC.o
 .group         0x00000000        0xc Drivers/src/ADC.o
 .text          0x00000000        0x0 Drivers/src/ADC.o
 .data          0x00000000        0x0 Drivers/src/ADC.o
 .bss           0x00000000        0x0 Drivers/src/ADC.o
 .debug_macro   0x00000000      0xa4e Drivers/src/ADC.o
 .debug_macro   0x00000000       0x2e Drivers/src/ADC.o
 .debug_macro   0x00000000       0x28 Drivers/src/ADC.o
 .debug_macro   0x00000000       0x22 Drivers/src/ADC.o
 .debug_macro   0x00000000       0x8e Drivers/src/ADC.o
 .debug_macro   0x00000000       0x51 Drivers/src/ADC.o
 .debug_macro   0x00000000       0xef Drivers/src/ADC.o
 .debug_macro   0x00000000       0x6a Drivers/src/ADC.o
 .debug_macro   0x00000000      0x1df Drivers/src/ADC.o
 .debug_macro   0x00000000       0x1c Drivers/src/ADC.o
 .debug_macro   0x00000000       0x22 Drivers/src/ADC.o
 .debug_macro   0x00000000       0xdf Drivers/src/ADC.o
 .debug_macro   0x00000000     0x102d Drivers/src/ADC.o
 .debug_macro   0x00000000      0x11f Drivers/src/ADC.o
 .debug_macro   0x00000000     0xb86c Drivers/src/ADC.o
 .debug_macro   0x00000000       0x6d Drivers/src/ADC.o
 .debug_macro   0x00000000       0x10 Drivers/src/ADC.o
 .group         0x00000000        0xc Drivers/src/LCD.o
 .group         0x00000000        0xc Drivers/src/LCD.o
 .group         0x00000000        0xc Drivers/src/LCD.o
 .group         0x00000000        0xc Drivers/src/LCD.o
 .group         0x00000000        0xc Drivers/src/LCD.o
 .group         0x00000000        0xc Drivers/src/LCD.o
 .group         0x00000000        0xc Drivers/src/LCD.o
 .group         0x00000000        0xc Drivers/src/LCD.o
 .group         0x00000000        0xc Drivers/src/LCD.o
 .group         0x00000000        0xc Drivers/src/LCD.o
 .group         0x00000000        0xc Drivers/src/LCD.o
 .group         0x00000000        0xc Drivers/src/LCD.o
 .group         0x00000000        0xc Drivers/src/LCD.o
 .group         0x00000000        0xc Drivers/src/LCD.o
 .group         0x00000000        0xc Drivers/src/LCD.o
 .group         0x00000000        0xc Drivers/src/LCD.o
 .group         0x00000000        0xc Drivers/src/LCD.o
 .group         0x00000000        0xc Drivers/src/LCD.o
 .group         0x00000000        0xc Drivers/src/LCD.o
 .group         0x00000000        0xc Drivers/src/LCD.o
 .group         0x00000000        0xc Drivers/src/LCD.o
 .group         0x00000000        0xc Drivers/src/LCD.o
 .group         0x00000000        0xc Drivers/src/LCD.o
 .group         0x00000000        0xc Drivers/src/LCD.o
 .group         0x00000000        0xc Drivers/src/LCD.o
 .group         0x00000000        0xc Drivers/src/LCD.o
 .group         0x00000000        0xc Drivers/src/LCD.o
 .group         0x00000000        0xc Drivers/src/LCD.o
 .group         0x00000000        0xc Drivers/src/LCD.o
 .group         0x00000000        0xc Drivers/src/LCD.o
 .group         0x00000000        0xc Drivers/src/LCD.o
 .group         0x00000000        0xc Drivers/src/LCD.o
 .text          0x00000000        0x0 Drivers/src/LCD.o
 .data          0x00000000        0x0 Drivers/src/LCD.o
 .bss           0x00000000        0x0 Drivers/src/LCD.o
 .text.LCD_MoveCursor
                0x00000000       0x28 Drivers/src/LCD.o
 .text.LCD_DisplayStringRowColumn
                0x00000000       0x10 Drivers/src/LCD.o
 .text.LCD_ClearScreen
                0x00000000        0xa Drivers/src/LCD.o
 .debug_macro   0x00000000      0xa4e Drivers/src/LCD.o
 .debug_macro   0x00000000       0x2e Drivers/src/LCD.o
 .debug_macro   0x00000000       0x28 Drivers/src/LCD.o
 .debug_macro   0x00000000       0x22 Drivers/src/LCD.o
 .debug_macro   0x00000000       0x8e Drivers/src/LCD.o
 .debug_macro   0x00000000       0x51 Drivers/src/LCD.o
 .debug_macro   0x00000000       0xef Drivers/src/LCD.o
 .debug_macro   0x00000000       0x6a Drivers/src/LCD.o
 .debug_macro   0x00000000      0x1df Drivers/src/LCD.o
 .debug_macro   0x00000000       0x1c Drivers/src/LCD.o
 .debug_macro   0x00000000       0x22 Drivers/src/LCD.o
 .debug_macro   0x00000000       0xdf Drivers/src/LCD.o
 .debug_macro   0x00000000     0x102d Drivers/src/LCD.o
 .debug_macro   0x00000000      0x11f Drivers/src/LCD.o
 .debug_macro   0x00000000     0xb86c Drivers/src/LCD.o
 .debug_macro   0x00000000       0x6d Drivers/src/LCD.o
 .debug_macro   0x00000000       0x5e Drivers/src/LCD.o
 .debug_macro   0x00000000       0x18 Drivers/src/LCD.o
 .debug_macro   0x00000000       0x35 Drivers/src/LCD.o
 .debug_macro   0x00000000       0x34 Drivers/src/LCD.o
 .debug_macro   0x00000000       0x16 Drivers/src/LCD.o
 .debug_macro   0x00000000       0x58 Drivers/src/LCD.o
 .debug_macro   0x00000000       0x1f Drivers/src/LCD.o
 .debug_macro   0x00000000       0x43 Drivers/src/LCD.o
 .debug_macro   0x00000000       0x20 Drivers/src/LCD.o
 .debug_macro   0x00000000      0x18e Drivers/src/LCD.o
 .debug_macro   0x00000000       0x16 Drivers/src/LCD.o
 .debug_macro   0x00000000       0x29 Drivers/src/LCD.o
 .group         0x00000000        0xc Drivers/src/gpio.o
 .group         0x00000000        0xc Drivers/src/gpio.o
 .group         0x00000000        0xc Drivers/src/gpio.o
 .group         0x00000000        0xc Drivers/src/gpio.o
 .group         0x00000000        0xc Drivers/src/gpio.o
 .group         0x00000000        0xc Drivers/src/gpio.o
 .group         0x00000000        0xc Drivers/src/gpio.o
 .group         0x00000000        0xc Drivers/src/gpio.o
 .group         0x00000000        0xc Drivers/src/gpio.o
 .group         0x00000000        0xc Drivers/src/gpio.o
 .group         0x00000000        0xc Drivers/src/gpio.o
 .group         0x00000000        0xc Drivers/src/gpio.o
 .group         0x00000000        0xc Drivers/src/gpio.o
 .group         0x00000000        0xc Drivers/src/gpio.o
 .group         0x00000000        0xc Drivers/src/gpio.o
 .group         0x00000000        0xc Drivers/src/gpio.o
 .group         0x00000000        0xc Drivers/src/gpio.o
 .text          0x00000000        0x0 Drivers/src/gpio.o
 .data          0x00000000        0x0 Drivers/src/gpio.o
 .bss           0x00000000        0x0 Drivers/src/gpio.o
 .text.GPIO_Read
                0x00000000       0x3c Drivers/src/gpio.o
 .debug_macro   0x00000000      0xa4e Drivers/src/gpio.o
 .debug_macro   0x00000000       0x2e Drivers/src/gpio.o
 .debug_macro   0x00000000       0x28 Drivers/src/gpio.o
 .debug_macro   0x00000000       0x22 Drivers/src/gpio.o
 .debug_macro   0x00000000       0x8e Drivers/src/gpio.o
 .debug_macro   0x00000000       0x51 Drivers/src/gpio.o
 .debug_macro   0x00000000       0xef Drivers/src/gpio.o
 .debug_macro   0x00000000       0x6a Drivers/src/gpio.o
 .debug_macro   0x00000000      0x1df Drivers/src/gpio.o
 .debug_macro   0x00000000       0x1c Drivers/src/gpio.o
 .debug_macro   0x00000000       0x22 Drivers/src/gpio.o
 .debug_macro   0x00000000       0xdf Drivers/src/gpio.o
 .debug_macro   0x00000000     0x102d Drivers/src/gpio.o
 .debug_macro   0x00000000      0x11f Drivers/src/gpio.o
 .debug_macro   0x00000000     0xb86c Drivers/src/gpio.o
 .debug_macro   0x00000000       0x6d Drivers/src/gpio.o
 .debug_macro   0x00000000       0x5e Drivers/src/gpio.o
 .text          0x00000000       0x14 startup/startup_stm32f401xc.o
 .data          0x00000000        0x0 startup/startup_stm32f401xc.o
 .bss           0x00000000        0x0 startup/startup_stm32f401xc.o
 .data          0x00000000        0x0 c:/ac6/systemworkbench/plugins/fr.ac6.mcu.externaltools.arm-none.win32_1.17.0.201812190825/tools/compiler/bin/../lib/gcc/arm-none-eabi/7.3.1/thumb/v7e-m/fpv4-sp/hard\libgcc.a(_arm_addsubdf3.o)
 .bss           0x00000000        0x0 c:/ac6/systemworkbench/plugins/fr.ac6.mcu.externaltools.arm-none.win32_1.17.0.201812190825/tools/compiler/bin/../lib/gcc/arm-none-eabi/7.3.1/thumb/v7e-m/fpv4-sp/hard\libgcc.a(_arm_addsubdf3.o)
 .data          0x00000000        0x0 c:/ac6/systemworkbench/plugins/fr.ac6.mcu.externaltools.arm-none.win32_1.17.0.201812190825/tools/compiler/bin/../lib/gcc/arm-none-eabi/7.3.1/thumb/v7e-m/fpv4-sp/hard\libgcc.a(_arm_muldivdf3.o)
 .bss           0x00000000        0x0 c:/ac6/systemworkbench/plugins/fr.ac6.mcu.externaltools.arm-none.win32_1.17.0.201812190825/tools/compiler/bin/../lib/gcc/arm-none-eabi/7.3.1/thumb/v7e-m/fpv4-sp/hard\libgcc.a(_arm_muldivdf3.o)
 .data          0x00000000        0x0 c:/ac6/systemworkbench/plugins/fr.ac6.mcu.externaltools.arm-none.win32_1.17.0.201812190825/tools/compiler/bin/../lib/gcc/arm-none-eabi/7.3.1/thumb/v7e-m/fpv4-sp/hard\libgcc.a(_arm_fixunsdfsi.o)
 .bss           0x00000000        0x0 c:/ac6/systemworkbench/plugins/fr.ac6.mcu.externaltools.arm-none.win32_1.17.0.201812190825/tools/compiler/bin/../lib/gcc/arm-none-eabi/7.3.1/thumb/v7e-m/fpv4-sp/hard\libgcc.a(_arm_fixunsdfsi.o)
 .text          0x00000000        0x0 c:/ac6/systemworkbench/plugins/fr.ac6.mcu.externaltools.arm-none.win32_1.17.0.201812190825/tools/compiler/bin/../lib/gcc/arm-none-eabi/7.3.1/../../../../arm-none-eabi/lib/thumb/v7e-m/fpv4-sp/hard\libc_nano.a(lib_a-errno.o)
 .data          0x00000000        0x0 c:/ac6/systemworkbench/plugins/fr.ac6.mcu.externaltools.arm-none.win32_1.17.0.201812190825/tools/compiler/bin/../lib/gcc/arm-none-eabi/7.3.1/../../../../arm-none-eabi/lib/thumb/v7e-m/fpv4-sp/hard\libc_nano.a(lib_a-errno.o)
 .bss           0x00000000        0x0 c:/ac6/systemworkbench/plugins/fr.ac6.mcu.externaltools.arm-none.win32_1.17.0.201812190825/tools/compiler/bin/../lib/gcc/arm-none-eabi/7.3.1/../../../../arm-none-eabi/lib/thumb/v7e-m/fpv4-sp/hard\libc_nano.a(lib_a-errno.o)
 .text.__errno  0x00000000        0xc c:/ac6/systemworkbench/plugins/fr.ac6.mcu.externaltools.arm-none.win32_1.17.0.201812190825/tools/compiler/bin/../lib/gcc/arm-none-eabi/7.3.1/../../../../arm-none-eabi/lib/thumb/v7e-m/fpv4-sp/hard\libc_nano.a(lib_a-errno.o)
 .debug_frame   0x00000000       0x20 c:/ac6/systemworkbench/plugins/fr.ac6.mcu.externaltools.arm-none.win32_1.17.0.201812190825/tools/compiler/bin/../lib/gcc/arm-none-eabi/7.3.1/../../../../arm-none-eabi/lib/thumb/v7e-m/fpv4-sp/hard\libc_nano.a(lib_a-errno.o)
 .ARM.attributes
                0x00000000       0x34 c:/ac6/systemworkbench/plugins/fr.ac6.mcu.externaltools.arm-none.win32_1.17.0.201812190825/tools/compiler/bin/../lib/gcc/arm-none-eabi/7.3.1/../../../../arm-none-eabi/lib/thumb/v7e-m/fpv4-sp/hard\libc_nano.a(lib_a-errno.o)
 .text          0x00000000        0x0 c:/ac6/systemworkbench/plugins/fr.ac6.mcu.externaltools.arm-none.win32_1.17.0.201812190825/tools/compiler/bin/../lib/gcc/arm-none-eabi/7.3.1/../../../../arm-none-eabi/lib/thumb/v7e-m/fpv4-sp/hard\libc_nano.a(lib_a-exit.o)
 .data          0x00000000        0x0 c:/ac6/systemworkbench/plugins/fr.ac6.mcu.externaltools.arm-none.win32_1.17.0.201812190825/tools/compiler/bin/../lib/gcc/arm-none-eabi/7.3.1/../../../../arm-none-eabi/lib/thumb/v7e-m/fpv4-sp/hard\libc_nano.a(lib_a-exit.o)
 .bss           0x00000000        0x0 c:/ac6/systemworkbench/plugins/fr.ac6.mcu.externaltools.arm-none.win32_1.17.0.201812190825/tools/compiler/bin/../lib/gcc/arm-none-eabi/7.3.1/../../../../arm-none-eabi/lib/thumb/v7e-m/fpv4-sp/hard\libc_nano.a(lib_a-exit.o)
 .text.exit     0x00000000       0x28 c:/ac6/systemworkbench/plugins/fr.ac6.mcu.externaltools.arm-none.win32_1.17.0.201812190825/tools/compiler/bin/../lib/gcc/arm-none-eabi/7.3.1/../../../../arm-none-eabi/lib/thumb/v7e-m/fpv4-sp/hard\libc_nano.a(lib_a-exit.o)
 .debug_frame   0x00000000       0x28 c:/ac6/systemworkbench/plugins/fr.ac6.mcu.externaltools.arm-none.win32_1.17.0.201812190825/tools/compiler/bin/../lib/gcc/arm-none-eabi/7.3.1/../../../../arm-none-eabi/lib/thumb/v7e-m/fpv4-sp/hard\libc_nano.a(lib_a-exit.o)
 .ARM.attributes
                0x00000000       0x34 c:/ac6/systemworkbench/plugins/fr.ac6.mcu.externaltools.arm-none.win32_1.17.0.201812190825/tools/compiler/bin/../lib/gcc/arm-none-eabi/7.3.1/../../../../arm-none-eabi/lib/thumb/v7e-m/fpv4-sp/hard\libc_nano.a(lib_a-exit.o)
 .text          0x00000000        0x0 c:/ac6/systemworkbench/plugins/fr.ac6.mcu.externaltools.arm-none.win32_1.17.0.201812190825/tools/compiler/bin/../lib/gcc/arm-none-eabi/7.3.1/../../../../arm-none-eabi/lib/thumb/v7e-m/fpv4-sp/hard\libc_nano.a(lib_a-impure.o)
 .data          0x00000000        0x0 c:/ac6/systemworkbench/plugins/fr.ac6.mcu.externaltools.arm-none.win32_1.17.0.201812190825/tools/compiler/bin/../lib/gcc/arm-none-eabi/7.3.1/../../../../arm-none-eabi/lib/thumb/v7e-m/fpv4-sp/hard\libc_nano.a(lib_a-impure.o)
 .bss           0x00000000        0x0 c:/ac6/systemworkbench/plugins/fr.ac6.mcu.externaltools.arm-none.win32_1.17.0.201812190825/tools/compiler/bin/../lib/gcc/arm-none-eabi/7.3.1/../../../../arm-none-eabi/lib/thumb/v7e-m/fpv4-sp/hard\libc_nano.a(lib_a-impure.o)
 .data._impure_ptr
                0x00000000        0x4 c:/ac6/systemworkbench/plugins/fr.ac6.mcu.externaltools.arm-none.win32_1.17.0.201812190825/tools/compiler/bin/../lib/gcc/arm-none-eabi/7.3.1/../../../../arm-none-eabi/lib/thumb/v7e-m/fpv4-sp/hard\libc_nano.a(lib_a-impure.o)
 .data.impure_data
                0x00000000       0x60 c:/ac6/systemworkbench/plugins/fr.ac6.mcu.externaltools.arm-none.win32_1.17.0.201812190825/tools/compiler/bin/../lib/gcc/arm-none-eabi/7.3.1/../../../../arm-none-eabi/lib/thumb/v7e-m/fpv4-sp/hard\libc_nano.a(lib_a-impure.o)
 .rodata._global_impure_ptr
                0x00000000        0x4 c:/ac6/systemworkbench/plugins/fr.ac6.mcu.externaltools.arm-none.win32_1.17.0.201812190825/tools/compiler/bin/../lib/gcc/arm-none-eabi/7.3.1/../../../../arm-none-eabi/lib/thumb/v7e-m/fpv4-sp/hard\libc_nano.a(lib_a-impure.o)
 .ARM.attributes
                0x00000000       0x34 c:/ac6/systemworkbench/plugins/fr.ac6.mcu.externaltools.arm-none.win32_1.17.0.201812190825/tools/compiler/bin/../lib/gcc/arm-none-eabi/7.3.1/../../../../arm-none-eabi/lib/thumb/v7e-m/fpv4-sp/hard\libc_nano.a(lib_a-impure.o)
 .text          0x00000000        0x0 c:/ac6/systemworkbench/plugins/fr.ac6.mcu.externaltools.arm-none.win32_1.17.0.201812190825/tools/compiler/bin/../lib/gcc/arm-none-eabi/7.3.1/../../../../arm-none-eabi/lib/thumb/v7e-m/fpv4-sp/hard\libc_nano.a(lib_a-init.o)
 .data          0x00000000        0x0 c:/ac6/systemworkbench/plugins/fr.ac6.mcu.externaltools.arm-none.win32_1.17.0.201812190825/tools/compiler/bin/../lib/gcc/arm-none-eabi/7.3.1/../../../../arm-none-eabi/lib/thumb/v7e-m/fpv4-sp/hard\libc_nano.a(lib_a-init.o)
 .bss           0x00000000        0x0 c:/ac6/systemworkbench/plugins/fr.ac6.mcu.externaltools.arm-none.win32_1.17.0.201812190825/tools/compiler/bin/../lib/gcc/arm-none-eabi/7.3.1/../../../../arm-none-eabi/lib/thumb/v7e-m/fpv4-sp/hard\libc_nano.a(lib_a-init.o)
 .text          0x00000000        0x0 c:/ac6/systemworkbench/plugins/fr.ac6.mcu.externaltools.arm-none.win32_1.17.0.201812190825/tools/compiler/bin/../lib/gcc/arm-none-eabi/7.3.1/../../../../arm-none-eabi/lib/thumb/v7e-m/fpv4-sp/hard\libc_nano.a(lib_a-itoa.o)
 .data          0x00000000        0x0 c:/ac6/systemworkbench/plugins/fr.ac6.mcu.externaltools.arm-none.win32_1.17.0.201812190825/tools/compiler/bin/../lib/gcc/arm-none-eabi/7.3.1/../../../../arm-none-eabi/lib/thumb/v7e-m/fpv4-sp/hard\libc_nano.a(lib_a-itoa.o)
 .bss           0x00000000        0x0 c:/ac6/systemworkbench/plugins/fr.ac6.mcu.externaltools.arm-none.win32_1.17.0.201812190825/tools/compiler/bin/../lib/gcc/arm-none-eabi/7.3.1/../../../../arm-none-eabi/lib/thumb/v7e-m/fpv4-sp/hard\libc_nano.a(lib_a-itoa.o)
 .text          0x00000000        0x0 c:/ac6/systemworkbench/plugins/fr.ac6.mcu.externaltools.arm-none.win32_1.17.0.201812190825/tools/compiler/bin/../lib/gcc/arm-none-eabi/7.3.1/../../../../arm-none-eabi/lib/thumb/v7e-m/fpv4-sp/hard\libc_nano.a(lib_a-memset.o)
 .data          0x00000000        0x0 c:/ac6/systemworkbench/plugins/fr.ac6.mcu.externaltools.arm-none.win32_1.17.0.201812190825/tools/compiler/bin/../lib/gcc/arm-none-eabi/7.3.1/../../../../arm-none-eabi/lib/thumb/v7e-m/fpv4-sp/hard\libc_nano.a(lib_a-memset.o)
 .bss           0x00000000        0x0 c:/ac6/systemworkbench/plugins/fr.ac6.mcu.externaltools.arm-none.win32_1.17.0.201812190825/tools/compiler/bin/../lib/gcc/arm-none-eabi/7.3.1/../../../../arm-none-eabi/lib/thumb/v7e-m/fpv4-sp/hard\libc_nano.a(lib_a-memset.o)
 .text.memset   0x00000000       0x10 c:/ac6/systemworkbench/plugins/fr.ac6.mcu.externaltools.arm-none.win32_1.17.0.201812190825/tools/compiler/bin/../lib/gcc/arm-none-eabi/7.3.1/../../../../arm-none-eabi/lib/thumb/v7e-m/fpv4-sp/hard\libc_nano.a(lib_a-memset.o)
 .debug_frame   0x00000000       0x20 c:/ac6/systemworkbench/plugins/fr.ac6.mcu.externaltools.arm-none.win32_1.17.0.201812190825/tools/compiler/bin/../lib/gcc/arm-none-eabi/7.3.1/../../../../arm-none-eabi/lib/thumb/v7e-m/fpv4-sp/hard\libc_nano.a(lib_a-memset.o)
 .ARM.attributes
                0x00000000       0x34 c:/ac6/systemworkbench/plugins/fr.ac6.mcu.externaltools.arm-none.win32_1.17.0.201812190825/tools/compiler/bin/../lib/gcc/arm-none-eabi/7.3.1/../../../../arm-none-eabi/lib/thumb/v7e-m/fpv4-sp/hard\libc_nano.a(lib_a-memset.o)
 .text          0x00000000        0x0 c:/ac6/systemworkbench/plugins/fr.ac6.mcu.externaltools.arm-none.win32_1.17.0.201812190825/tools/compiler/bin/../lib/gcc/arm-none-eabi/7.3.1/../../../../arm-none-eabi/lib/thumb/v7e-m/fpv4-sp/hard\libc_nano.a(lib_a-utoa.o)
 .data          0x00000000        0x0 c:/ac6/systemworkbench/plugins/fr.ac6.mcu.externaltools.arm-none.win32_1.17.0.201812190825/tools/compiler/bin/../lib/gcc/arm-none-eabi/7.3.1/../../../../arm-none-eabi/lib/thumb/v7e-m/fpv4-sp/hard\libc_nano.a(lib_a-utoa.o)
 .bss           0x00000000        0x0 c:/ac6/systemworkbench/plugins/fr.ac6.mcu.externaltools.arm-none.win32_1.17.0.201812190825/tools/compiler/bin/../lib/gcc/arm-none-eabi/7.3.1/../../../../arm-none-eabi/lib/thumb/v7e-m/fpv4-sp/hard\libc_nano.a(lib_a-utoa.o)
 .text.utoa     0x00000000        0x4 c:/ac6/systemworkbench/plugins/fr.ac6.mcu.externaltools.arm-none.win32_1.17.0.201812190825/tools/compiler/bin/../lib/gcc/arm-none-eabi/7.3.1/../../../../arm-none-eabi/lib/thumb/v7e-m/fpv4-sp/hard\libc_nano.a(lib_a-utoa.o)
 .text          0x00000000        0x0 c:/ac6/systemworkbench/plugins/fr.ac6.mcu.externaltools.arm-none.win32_1.17.0.201812190825/tools/compiler/bin/../lib/gcc/arm-none-eabi/7.3.1/thumb/v7e-m/fpv4-sp/hard/crtend.o
 .data          0x00000000        0x0 c:/ac6/systemworkbench/plugins/fr.ac6.mcu.externaltools.arm-none.win32_1.17.0.201812190825/tools/compiler/bin/../lib/gcc/arm-none-eabi/7.3.1/thumb/v7e-m/fpv4-sp/hard/crtend.o
 .bss           0x00000000        0x0 c:/ac6/systemworkbench/plugins/fr.ac6.mcu.externaltools.arm-none.win32_1.17.0.201812190825/tools/compiler/bin/../lib/gcc/arm-none-eabi/7.3.1/thumb/v7e-m/fpv4-sp/hard/crtend.o
 .eh_frame      0x00000000        0x4 c:/ac6/systemworkbench/plugins/fr.ac6.mcu.externaltools.arm-none.win32_1.17.0.201812190825/tools/compiler/bin/../lib/gcc/arm-none-eabi/7.3.1/thumb/v7e-m/fpv4-sp/hard/crtend.o
 .ARM.attributes
                0x00000000       0x34 c:/ac6/systemworkbench/plugins/fr.ac6.mcu.externaltools.arm-none.win32_1.17.0.201812190825/tools/compiler/bin/../lib/gcc/arm-none-eabi/7.3.1/thumb/v7e-m/fpv4-sp/hard/crtend.o
 .text          0x00000000        0x0 c:/ac6/systemworkbench/plugins/fr.ac6.mcu.externaltools.arm-none.win32_1.17.0.201812190825/tools/compiler/bin/../lib/gcc/arm-none-eabi/7.3.1/thumb/v7e-m/fpv4-sp/hard/crtn.o
 .data          0x00000000        0x0 c:/ac6/systemworkbench/plugins/fr.ac6.mcu.externaltools.arm-none.win32_1.17.0.201812190825/tools/compiler/bin/../lib/gcc/arm-none-eabi/7.3.1/thumb/v7e-m/fpv4-sp/hard/crtn.o
 .bss           0x00000000        0x0 c:/ac6/systemworkbench/plugins/fr.ac6.mcu.externaltools.arm-none.win32_1.17.0.201812190825/tools/compiler/bin/../lib/gcc/arm-none-eabi/7.3.1/thumb/v7e-m/fpv4-sp/hard/crtn.o

Memory Configuration

Name             Origin             Length             Attributes
RAM              0x20000000         0x00010000         xrw
FLASH            0x08000000         0x00040000         xr
*default*        0x00000000         0xffffffff

Linker script and memory map

LOAD c:/ac6/systemworkbench/plugins/fr.ac6.mcu.externaltools.arm-none.win32_1.17.0.201812190825/tools/compiler/bin/../lib/gcc/arm-none-eabi/7.3.1/thumb/v7e-m/fpv4-sp/hard/crti.o
LOAD c:/ac6/systemworkbench/plugins/fr.ac6.mcu.externaltools.arm-none.win32_1.17.0.201812190825/tools/compiler/bin/../lib/gcc/arm-none-eabi/7.3.1/thumb/v7e-m/fpv4-sp/hard/crtbegin.o
LOAD c:/ac6/systemworkbench/plugins/fr.ac6.mcu.externaltools.arm-none.win32_1.17.0.201812190825/tools/compiler/bin/../lib/gcc/arm-none-eabi/7.3.1/../../../../arm-none-eabi/lib/thumb/v7e-m/fpv4-sp/hard/crt0.o
LOAD Core/Src/main.o
LOAD Core/Src/syscalls.o
LOAD Core/Src/system_stm32f4xx.o
LOAD Drivers/src/ADC.o
LOAD Drivers/src/LCD.o
LOAD Drivers/src/gpio.o
LOAD startup/startup_stm32f401xc.o
LOAD c:/ac6/systemworkbench/plugins/fr.ac6.mcu.externaltools.arm-none.win32_1.17.0.201812190825/tools/compiler/bin/../lib/gcc/arm-none-eabi/7.3.1/../../../../arm-none-eabi/lib/thumb/v7e-m/fpv4-sp/hard\libm.a
START GROUP
LOAD c:/ac6/systemworkbench/plugins/fr.ac6.mcu.externaltools.arm-none.win32_1.17.0.201812190825/tools/compiler/bin/../lib/gcc/arm-none-eabi/7.3.1/thumb/v7e-m/fpv4-sp/hard\libgcc.a
LOAD c:/ac6/systemworkbench/plugins/fr.ac6.mcu.externaltools.arm-none.win32_1.17.0.201812190825/tools/compiler/bin/../lib/gcc/arm-none-eabi/7.3.1/../../../../arm-none-eabi/lib/thumb/v7e-m/fpv4-sp/hard\libc_nano.a
END GROUP
START GROUP
LOAD c:/ac6/systemworkbench/plugins/fr.ac6.mcu.externaltools.arm-none.win32_1.17.0.201812190825/tools/compiler/bin/../lib/gcc/arm-none-eabi/7.3.1/thumb/v7e-m/fpv4-sp/hard\libgcc.a
LOAD c:/ac6/systemworkbench/plugins/fr.ac6.mcu.externaltools.arm-none.win32_1.17.0.201812190825/tools/compiler/bin/../lib/gcc/arm-none-eabi/7.3.1/../../../../arm-none-eabi/lib/thumb/v7e-m/fpv4-sp/hard\libc_nano.a
LOAD c:/ac6/systemworkbench/plugins/fr.ac6.mcu.externaltools.arm-none.win32_1.17.0.201812190825/tools/compiler/bin/../lib/gcc/arm-none-eabi/7.3.1/../../../../arm-none-eabi/lib/thumb/v7e-m/fpv4-sp/hard\libnosys.a
END GROUP
START GROUP
LOAD c:/ac6/systemworkbench/plugins/fr.ac6.mcu.externaltools.arm-none.win32_1.17.0.201812190825/tools/compiler/bin/../lib/gcc/arm-none-eabi/7.3.1/thumb/v7e-m/fpv4-sp/hard\libgcc.a
LOAD c:/ac6/systemworkbench/plugins/fr.ac6.mcu.externaltools.arm-none.win32_1.17.0.201812190825/tools/compiler/bin/../lib/gcc/arm-none-eabi/7.3.1/../../../../arm-none-eabi/lib/thumb/v7e-m/fpv4-sp/hard\libc_nano.a
LOAD c:/ac6/systemworkbench/plugins/fr.ac6.mcu.externaltools.arm-none.win32_1.17.0.201812190825/tools/compiler/bin/../lib/gcc/arm-none-eabi/7.3.1/../../../../arm-none-eabi/lib/thumb/v7e-m/fpv4-sp/hard\libnosys.a
END GROUP
LOAD c:/ac6/systemworkbench/plugins/fr.ac6.mcu.externaltools.arm-none.win32_1.17.0.201812190825/tools/compiler/bin/../lib/gcc/arm-none-eabi/7.3.1/thumb/v7e-m/fpv4-sp/hard/crtend.o
LOAD c:/ac6/systemworkbench/plugins/fr.ac6.mcu.externaltools.arm-none.win32_1.17.0.201812190825/tools/compiler/bin/../lib/gcc/arm-none-eabi/7.3.1/thumb/v7e-m/fpv4-sp/hard/crtn.o
                0x20010000                _estack = 0x20010000
                0x00000200                _Min_Heap_Size = 0x200
                0x00000400                _Min_Stack_Size = 0x400

.isr_vector     0x08000000      0x194
                0x08000000                . = ALIGN (0x4)
 *(.isr_vector)
 .isr_vector    0x08000000      0x194 startup/startup_stm32f401xc.o
                0x08000000                g_pfnVectors
                0x08000194                . = ALIGN (0x4)

.text           0x08000198      0xeac
                0x08000198                . = ALIGN (0x4)
 *(.text)
 .text          0x08000198       0x40 c:/ac6/systemworkbench/plugins/fr.ac6.mcu.externaltools.arm-none.win32_1.17.0.201812190825/tools/compiler/bin/../lib/gcc/arm-none-eabi/7.3.1/thumb/v7e-m/fpv4-sp/hard/crtbegin.o
 .text          0x080001d8      0x378 c:/ac6/systemworkbench/plugins/fr.ac6.mcu.externaltools.arm-none.win32_1.17.0.201812190825/tools/compiler/bin/../lib/gcc/arm-none-eabi/7.3.1/thumb/v7e-m/fpv4-sp/hard\libgcc.a(_arm_addsubdf3.o)
                0x080001d8                __aeabi_drsub
                0x080001e0                __aeabi_dsub
                0x080001e0                __subdf3
                0x080001e4                __aeabi_dadd
                0x080001e4                __adddf3
                0x0800045c                __floatunsidf
                0x0800045c                __aeabi_ui2d
                0x0800047c                __floatsidf
                0x0800047c                __aeabi_i2d
                0x080004a0                __aeabi_f2d
                0x080004a0                __extendsfdf2
                0x080004e4                __floatundidf
                0x080004e4                __aeabi_ul2d
                0x080004f4                __floatdidf
                0x080004f4                __aeabi_l2d
 .text          0x08000550      0x424 c:/ac6/systemworkbench/plugins/fr.ac6.mcu.externaltools.arm-none.win32_1.17.0.201812190825/tools/compiler/bin/../lib/gcc/arm-none-eabi/7.3.1/thumb/v7e-m/fpv4-sp/hard\libgcc.a(_arm_muldivdf3.o)
                0x08000550                __aeabi_dmul
                0x08000550                __muldf3
                0x080007a4                __divdf3
                0x080007a4                __aeabi_ddiv
 .text          0x08000974       0x40 c:/ac6/systemworkbench/plugins/fr.ac6.mcu.externaltools.arm-none.win32_1.17.0.201812190825/tools/compiler/bin/../lib/gcc/arm-none-eabi/7.3.1/thumb/v7e-m/fpv4-sp/hard\libgcc.a(_arm_fixunsdfsi.o)
                0x08000974                __aeabi_d2uiz
                0x08000974                __fixunsdfsi
 *(.text*)
 *fill*         0x080009b4        0x4 
 .text.main     0x080009b8       0x6c Core/Src/main.o
                0x080009b8                main
 .text.SystemInit
                0x08000a24       0x14 Core/Src/system_stm32f4xx.o
                0x08000a24                SystemInit
 .text.ADC_StartConv
                0x08000a38       0x6c Drivers/src/ADC.o
                0x08000a38                ADC_StartConv
 .text.ADC_Init
                0x08000aa4       0xd8 Drivers/src/ADC.o
                0x08000aa4                ADC_Init
 .text.ADC_GetConversionState
                0x08000b7c       0x1c Drivers/src/ADC.o
                0x08000b7c                ADC_GetConversionState
 .text.ADC_ReadData
                0x08000b98       0x18 Drivers/src/ADC.o
                0x08000b98                ADC_ReadData
 .text.LCD_SendCommand
                0x08000bb0       0x94 Drivers/src/LCD.o
                0x08000bb0                LCD_SendCommand
 .text.LCD_Init
                0x08000c44       0x58 Drivers/src/LCD.o
                0x08000c44                LCD_Init
 .text.LCD_DisplayCharacter
                0x08000c9c       0x88 Drivers/src/LCD.o
                0x08000c9c                LCD_DisplayCharacter
 .text.LCD_DisplayString
                0x08000d24       0x18 Drivers/src/LCD.o
                0x08000d24                LCD_DisplayString
 .text.LCD_IntToStr
                0x08000d3c       0x18 Drivers/src/LCD.o
                0x08000d3c                LCD_IntToStr
 .text.GPIO_SetOutput
                0x08000d54       0x44 Drivers/src/gpio.o
                0x08000d54                GPIO_SetOutput
 .text.GPIO_SetInput
                0x08000d98       0x40 Drivers/src/gpio.o
                0x08000d98                GPIO_SetInput
 .text.GPIO_Init
                0x08000dd8       0xd0 Drivers/src/gpio.o
                0x08000dd8                GPIO_Init
 .text.GPIO_Write
                0x08000ea8       0x38 Drivers/src/gpio.o
                0x08000ea8                GPIO_Write
 .text.Reset_Handler
                0x08000ee0       0x50 startup/startup_stm32f401xc.o
                0x08000ee0                Reset_Handler
 .text.Default_Handler
                0x08000f30        0x2 startup/startup_stm32f401xc.o
                0x08000f30                RTC_Alarm_IRQHandler
                0x08000f30                EXTI2_IRQHandler
                0x08000f30                DebugMon_Handler
                0x08000f30                SPI4_IRQHandler
                0x08000f30                TIM1_CC_IRQHandler
                0x08000f30                DMA2_Stream5_IRQHandler
                0x08000f30                HardFault_Handler
                0x08000f30                DMA1_Stream5_IRQHandler
                0x08000f30                SysTick_Handler
                0x08000f30                PVD_IRQHandler
                0x08000f30                SDIO_IRQHandler
                0x08000f30                TAMP_STAMP_IRQHandler
                0x08000f30                PendSV_Handler
                0x08000f30                NMI_Handler
                0x08000f30                EXTI3_IRQHandler
                0x08000f30                TIM1_UP_TIM10_IRQHandler
                0x08000f30                I2C3_ER_IRQHandler
                0x08000f30                EXTI0_IRQHandler
                0x08000f30                I2C2_EV_IRQHandler
                0x08000f30                DMA1_Stream2_IRQHandler
                0x08000f30                FPU_IRQHandler
                0x08000f30                UsageFault_Handler
                0x08000f30                DMA2_Stream2_IRQHandler
                0x08000f30                SPI1_IRQHandler
                0x08000f30                TIM1_BRK_TIM9_IRQHandler
                0x08000f30                DMA2_Stream3_IRQHandler
                0x08000f30                USART6_IRQHandler
                0x08000f30                DMA2_Stream0_IRQHandler
                0x08000f30                TIM4_IRQHandler
                0x08000f30                I2C1_EV_IRQHandler
                0x08000f30                DMA1_Stream6_IRQHandler
                0x08000f30                DMA1_Stream1_IRQHandler
                0x08000f30                TIM3_IRQHandler
                0x08000f30                RCC_IRQHandler
                0x08000f30                Default_Handler
                0x08000f30                EXTI15_10_IRQHandler
                0x08000f30                ADC_IRQHandler
                0x08000f30                DMA1_Stream7_IRQHandler
                0x08000f30                TIM5_IRQHandler
                0x08000f30                DMA2_Stream7_IRQHandler
                0x08000f30                I2C3_EV_IRQHandler
                0x08000f30                EXTI9_5_IRQHandler
                0x08000f30                RTC_WKUP_IRQHandler
                0x08000f30                SPI2_IRQHandler
                0x08000f30                MemManage_Handler
                0x08000f30                DMA1_Stream0_IRQHandler
                0x08000f30                SVC_Handler
                0x08000f30                EXTI4_IRQHandler
                0x08000f30                WWDG_IRQHandler
                0x08000f30                TIM2_IRQHandler
                0x08000f30                OTG_FS_WKUP_IRQHandler
                0x08000f30                TIM1_TRG_COM_TIM11_IRQHandler
                0x08000f30                EXTI1_IRQHandler
                0x08000f30                USART2_IRQHandler
                0x08000f30                I2C2_ER_IRQHandler
                0x08000f30                DMA2_Stream1_IRQHandler
                0x08000f30                FLASH_IRQHandler
                0x08000f30                DMA2_Stream4_IRQHandler
                0x08000f30                BusFault_Handler
                0x08000f30                USART1_IRQHandler
                0x08000f30                OTG_FS_IRQHandler
                0x08000f30                SPI3_IRQHandler
                0x08000f30                DMA1_Stream4_IRQHandler
                0x08000f30                I2C1_ER_IRQHandler
                0x08000f30                DMA2_Stream6_IRQHandler
                0x08000f30                DMA1_Stream3_IRQHandler
 *fill*         0x08000f32        0x2 
 .text.__libc_init_array
                0x08000f34       0x48 c:/ac6/systemworkbench/plugins/fr.ac6.mcu.externaltools.arm-none.win32_1.17.0.201812190825/tools/compiler/bin/../lib/gcc/arm-none-eabi/7.3.1/../../../../arm-none-eabi/lib/thumb/v7e-m/fpv4-sp/hard\libc_nano.a(lib_a-init.o)
                0x08000f34                __libc_init_array
 .text.__itoa   0x08000f7c       0x30 c:/ac6/systemworkbench/plugins/fr.ac6.mcu.externaltools.arm-none.win32_1.17.0.201812190825/tools/compiler/bin/../lib/gcc/arm-none-eabi/7.3.1/../../../../arm-none-eabi/lib/thumb/v7e-m/fpv4-sp/hard\libc_nano.a(lib_a-itoa.o)
                0x08000f7c                __itoa
 .text.itoa     0x08000fac        0x4 c:/ac6/systemworkbench/plugins/fr.ac6.mcu.externaltools.arm-none.win32_1.17.0.201812190825/tools/compiler/bin/../lib/gcc/arm-none-eabi/7.3.1/../../../../arm-none-eabi/lib/thumb/v7e-m/fpv4-sp/hard\libc_nano.a(lib_a-itoa.o)
                0x08000fac                itoa
 .text.__utoa   0x08000fb0       0x7c c:/ac6/systemworkbench/plugins/fr.ac6.mcu.externaltools.arm-none.win32_1.17.0.201812190825/tools/compiler/bin/../lib/gcc/arm-none-eabi/7.3.1/../../../../arm-none-eabi/lib/thumb/v7e-m/fpv4-sp/hard\libc_nano.a(lib_a-utoa.o)
                0x08000fb0                __utoa
 *(.glue_7)
 .glue_7        0x0800102c        0x0 linker stubs
 *(.glue_7t)
 .glue_7t       0x0800102c        0x0 linker stubs
 *(.eh_frame)
 .eh_frame      0x0800102c        0x0 c:/ac6/systemworkbench/plugins/fr.ac6.mcu.externaltools.arm-none.win32_1.17.0.201812190825/tools/compiler/bin/../lib/gcc/arm-none-eabi/7.3.1/thumb/v7e-m/fpv4-sp/hard/crtbegin.o
 *(.init)
 .init          0x0800102c        0x4 c:/ac6/systemworkbench/plugins/fr.ac6.mcu.externaltools.arm-none.win32_1.17.0.201812190825/tools/compiler/bin/../lib/gcc/arm-none-eabi/7.3.1/thumb/v7e-m/fpv4-sp/hard/crti.o
                0x0800102c                _init
 .init          0x08001030        0x8 c:/ac6/systemworkbench/plugins/fr.ac6.mcu.externaltools.arm-none.win32_1.17.0.201812190825/tools/compiler/bin/../lib/gcc/arm-none-eabi/7.3.1/thumb/v7e-m/fpv4-sp/hard/crtn.o
 *(.fini)
 .fini          0x08001038        0x4 c:/ac6/systemworkbench/plugins/fr.ac6.mcu.externaltools.arm-none.win32_1.17.0.201812190825/tools/compiler/bin/../lib/gcc/arm-none-eabi/7.3.1/thumb/v7e-m/fpv4-sp/hard/crti.o
                0x08001038                _fini
 .fini          0x0800103c        0x8 c:/ac6/systemworkbench/plugins/fr.ac6.mcu.externaltools.arm-none.win32_1.17.0.201812190825/tools/compiler/bin/../lib/gcc/arm-none-eabi/7.3.1/thumb/v7e-m/fpv4-sp/hard/crtn.o
                0x08001044                . = ALIGN (0x4)
                0x08001044                _etext = .

.vfp11_veneer   0x08001044        0x0
 .vfp11_veneer  0x08001044        0x0 linker stubs

.v4_bx          0x08001044        0x0
 .v4_bx         0x08001044        0x0 linker stubs

.iplt           0x08001044        0x0
 .iplt          0x08001044        0x0 c:/ac6/systemworkbench/plugins/fr.ac6.mcu.externaltools.arm-none.win32_1.17.0.201812190825/tools/compiler/bin/../lib/gcc/arm-none-eabi/7.3.1/thumb/v7e-m/fpv4-sp/hard/crtbegin.o

.rodata         0x08001044       0x28
                0x08001044                . = ALIGN (0x4)
 *(.rodata)
 *(.rodata*)
 .rodata.__utoa.str1.1
                0x08001044       0x25 c:/ac6/systemworkbench/plugins/fr.ac6.mcu.externaltools.arm-none.win32_1.17.0.201812190825/tools/compiler/bin/../lib/gcc/arm-none-eabi/7.3.1/../../../../arm-none-eabi/lib/thumb/v7e-m/fpv4-sp/hard\libc_nano.a(lib_a-utoa.o)
                0x0800106c                . = ALIGN (0x4)
 *fill*         0x08001069        0x3 

.rel.dyn        0x0800106c        0x0
 .rel.iplt      0x0800106c        0x0 c:/ac6/systemworkbench/plugins/fr.ac6.mcu.externaltools.arm-none.win32_1.17.0.201812190825/tools/compiler/bin/../lib/gcc/arm-none-eabi/7.3.1/thumb/v7e-m/fpv4-sp/hard/crtbegin.o

.ARM.extab
 *(.ARM.extab* .gnu.linkonce.armextab.*)

.ARM            0x0800106c        0x0
                0x0800106c                __exidx_start = .
 *(.ARM.exidx*)
                0x0800106c                __exidx_end = .

.preinit_array  0x0800106c        0x0
                0x0800106c                PROVIDE (__preinit_array_start = .)
 *(.preinit_array*)
                0x0800106c                PROVIDE (__preinit_array_end = .)

.init_array     0x0800106c        0x4
                0x0800106c                PROVIDE (__init_array_start = .)
 *(SORT_BY_NAME(.init_array.*))
 *(.init_array*)
 .init_array    0x0800106c        0x4 c:/ac6/systemworkbench/plugins/fr.ac6.mcu.externaltools.arm-none.win32_1.17.0.201812190825/tools/compiler/bin/../lib/gcc/arm-none-eabi/7.3.1/thumb/v7e-m/fpv4-sp/hard/crtbegin.o
                0x08001070                PROVIDE (__init_array_end = .)

.fini_array     0x08001070        0x4
                [!provide]                PROVIDE (__fini_array_start = .)
 *(SORT_BY_NAME(.fini_array.*))
 *(.fini_array*)
 .fini_array    0x08001070        0x4 c:/ac6/systemworkbench/plugins/fr.ac6.mcu.externaltools.arm-none.win32_1.17.0.201812190825/tools/compiler/bin/../lib/gcc/arm-none-eabi/7.3.1/thumb/v7e-m/fpv4-sp/hard/crtbegin.o
                [!provide]                PROVIDE (__fini_array_end = .)
                0x08001074                _sidata = LOADADDR (.data)

.data           0x20000000        0x0 load address 0x08001074
                0x20000000                . = ALIGN (0x4)
                0x20000000                _sdata = .
 *(.data)
 *(.data*)
                0x20000000                . = ALIGN (0x4)
                0x20000000                _edata = .

.igot.plt       0x20000000        0x0 load address 0x08001074
 .igot.plt      0x20000000        0x0 c:/ac6/systemworkbench/plugins/fr.ac6.mcu.externaltools.arm-none.win32_1.17.0.201812190825/tools/compiler/bin/../lib/gcc/arm-none-eabi/7.3.1/thumb/v7e-m/fpv4-sp/hard/crtbegin.o
                0x20000000                . = ALIGN (0x4)

.bss            0x20000000       0x20 load address 0x08001074
                0x20000000                _sbss = .
                0x20000000                __bss_start__ = _sbss
 *(.bss)
 .bss           0x20000000       0x1c c:/ac6/systemworkbench/plugins/fr.ac6.mcu.externaltools.arm-none.win32_1.17.0.201812190825/tools/compiler/bin/../lib/gcc/arm-none-eabi/7.3.1/thumb/v7e-m/fpv4-sp/hard/crtbegin.o
 *(.bss*)
 *(COMMON)
 COMMON         0x2000001c        0x2 Core/Src/main.o
                0x2000001c                Data
                0x20000020                . = ALIGN (0x4)
 *fill*         0x2000001e        0x2 
                0x20000020                _ebss = .
                0x20000020                __bss_end__ = _ebss

._user_heap_stack
                0x20000020      0x600 load address 0x08001074
                0x20000020                . = ALIGN (0x8)
                0x20000020                PROVIDE (end = .)
                [!provide]                PROVIDE (_end = .)
                0x20000220                . = (. + _Min_Heap_Size)
 *fill*         0x20000020      0x200 
                0x20000620                . = (. + _Min_Stack_Size)
 *fill*         0x20000220      0x400 
                0x20000620                . = ALIGN (0x8)

/DISCARD/
 libc.a(*)
 libm.a(*)
 libgcc.a(*)

.ARM.attributes
                0x00000000       0x30
 *(.ARM.attributes)
 .ARM.attributes
                0x00000000       0x22 c:/ac6/systemworkbench/plugins/fr.ac6.mcu.externaltools.arm-none.win32_1.17.0.201812190825/tools/compiler/bin/../lib/gcc/arm-none-eabi/7.3.1/thumb/v7e-m/fpv4-sp/hard/crti.o
 .ARM.attributes
                0x00000022       0x34 c:/ac6/systemworkbench/plugins/fr.ac6.mcu.externaltools.arm-none.win32_1.17.0.201812190825/tools/compiler/bin/../lib/gcc/arm-none-eabi/7.3.1/thumb/v7e-m/fpv4-sp/hard/crtbegin.o
 .ARM.attributes
                0x00000056       0x39 Core/Src/main.o
 .ARM.attributes
                0x0000008f       0x39 Core/Src/system_stm32f4xx.o
 .ARM.attributes
                0x000000c8       0x39 Drivers/src/ADC.o
 .ARM.attributes
                0x00000101       0x39 Drivers/src/LCD.o
 .ARM.attributes
                0x0000013a       0x39 Drivers/src/gpio.o
 .ARM.attributes
                0x00000173       0x21 startup/startup_stm32f401xc.o
 .ARM.attributes
                0x00000194       0x22 c:/ac6/systemworkbench/plugins/fr.ac6.mcu.externaltools.arm-none.win32_1.17.0.201812190825/tools/compiler/bin/../lib/gcc/arm-none-eabi/7.3.1/thumb/v7e-m/fpv4-sp/hard\libgcc.a(_arm_addsubdf3.o)
 .ARM.attributes
                0x000001b6       0x22 c:/ac6/systemworkbench/plugins/fr.ac6.mcu.externaltools.arm-none.win32_1.17.0.201812190825/tools/compiler/bin/../lib/gcc/arm-none-eabi/7.3.1/thumb/v7e-m/fpv4-sp/hard\libgcc.a(_arm_muldivdf3.o)
 .ARM.attributes
                0x000001d8       0x22 c:/ac6/systemworkbench/plugins/fr.ac6.mcu.externaltools.arm-none.win32_1.17.0.201812190825/tools/compiler/bin/../lib/gcc/arm-none-eabi/7.3.1/thumb/v7e-m/fpv4-sp/hard\libgcc.a(_arm_fixunsdfsi.o)
 .ARM.attributes
                0x000001fa       0x34 c:/ac6/systemworkbench/plugins/fr.ac6.mcu.externaltools.arm-none.win32_1.17.0.201812190825/tools/compiler/bin/../lib/gcc/arm-none-eabi/7.3.1/../../../../arm-none-eabi/lib/thumb/v7e-m/fpv4-sp/hard\libc_nano.a(lib_a-init.o)
 .ARM.attributes
                0x0000022e       0x34 c:/ac6/systemworkbench/plugins/fr.ac6.mcu.externaltools.arm-none.win32_1.17.0.201812190825/tools/compiler/bin/../lib/gcc/arm-none-eabi/7.3.1/../../../../arm-none-eabi/lib/thumb/v7e-m/fpv4-sp/hard\libc_nano.a(lib_a-itoa.o)
 .ARM.attributes
                0x00000262       0x34 c:/ac6/systemworkbench/plugins/fr.ac6.mcu.externaltools.arm-none.win32_1.17.0.201812190825/tools/compiler/bin/../lib/gcc/arm-none-eabi/7.3.1/../../../../arm-none-eabi/lib/thumb/v7e-m/fpv4-sp/hard\libc_nano.a(lib_a-utoa.o)
 .ARM.attributes
                0x00000296       0x22 c:/ac6/systemworkbench/plugins/fr.ac6.mcu.externaltools.arm-none.win32_1.17.0.201812190825/tools/compiler/bin/../lib/gcc/arm-none-eabi/7.3.1/thumb/v7e-m/fpv4-sp/hard/crtn.o
OUTPUT(ADC.elf elf32-littlearm)

.debug_info     0x00000000     0x224f
 .debug_info    0x00000000      0x2ce Core/Src/main.o
 .debug_info    0x000002ce      0x52a Core/Src/system_stm32f4xx.o
 .debug_info    0x000007f8      0x5e2 Drivers/src/ADC.o
 .debug_info    0x00000dda      0xf3c Drivers/src/LCD.o
 .debug_info    0x00001d16      0x517 Drivers/src/gpio.o
 .debug_info    0x0000222d       0x22 startup/startup_stm32f401xc.o

.debug_abbrev   0x00000000      0x78f
 .debug_abbrev  0x00000000      0x171 Core/Src/main.o
 .debug_abbrev  0x00000171      0x111 Core/Src/system_stm32f4xx.o
 .debug_abbrev  0x00000282      0x161 Drivers/src/ADC.o
 .debug_abbrev  0x000003e3      0x258 Drivers/src/LCD.o
 .debug_abbrev  0x0000063b      0x142 Drivers/src/gpio.o
 .debug_abbrev  0x0000077d       0x12 startup/startup_stm32f401xc.o

.debug_loc      0x00000000      0x888
 .debug_loc     0x00000000       0x1f Core/Src/main.o
 .debug_loc     0x0000001f      0x13e Core/Src/system_stm32f4xx.o
 .debug_loc     0x0000015d       0x70 Drivers/src/ADC.o
 .debug_loc     0x000001cd      0x2eb Drivers/src/LCD.o
 .debug_loc     0x000004b8      0x3d0 Drivers/src/gpio.o

.debug_aranges  0x00000000      0x148
 .debug_aranges
                0x00000000       0x28 Core/Src/main.o
 .debug_aranges
                0x00000028       0x28 Core/Src/system_stm32f4xx.o
 .debug_aranges
                0x00000050       0x38 Drivers/src/ADC.o
 .debug_aranges
                0x00000088       0x58 Drivers/src/LCD.o
 .debug_aranges
                0x000000e0       0x40 Drivers/src/gpio.o
 .debug_aranges
                0x00000120       0x28 startup/startup_stm32f401xc.o

.debug_ranges   0x00000000       0xf0
 .debug_ranges  0x00000000       0x18 Core/Src/main.o
 .debug_ranges  0x00000018       0x18 Core/Src/system_stm32f4xx.o
 .debug_ranges  0x00000030       0x28 Drivers/src/ADC.o
 .debug_ranges  0x00000058       0x48 Drivers/src/LCD.o
 .debug_ranges  0x000000a0       0x30 Drivers/src/gpio.o
 .debug_ranges  0x000000d0       0x20 startup/startup_stm32f401xc.o

.debug_macro    0x00000000     0xe4d1
 .debug_macro   0x00000000       0xe0 Core/Src/main.o
 .debug_macro   0x000000e0      0xa4e Core/Src/main.o
 .debug_macro   0x00000b2e       0x2e Core/Src/main.o
 .debug_macro   0x00000b5c       0x28 Core/Src/main.o
 .debug_macro   0x00000b84       0x22 Core/Src/main.o
 .debug_macro   0x00000ba6       0x8e Core/Src/main.o
 .debug_macro   0x00000c34       0x51 Core/Src/main.o
 .debug_macro   0x00000c85       0xef Core/Src/main.o
 .debug_macro   0x00000d74       0x6a Core/Src/main.o
 .debug_macro   0x00000dde      0x1df Core/Src/main.o
 .debug_macro   0x00000fbd       0x1c Core/Src/main.o
 .debug_macro   0x00000fd9       0x22 Core/Src/main.o
 .debug_macro   0x00000ffb       0xdf Core/Src/main.o
 .debug_macro   0x000010da     0x102d Core/Src/main.o
 .debug_macro   0x00002107      0x11f Core/Src/main.o
 .debug_macro   0x00002226     0xb86c Core/Src/main.o
 .debug_macro   0x0000da92       0x6d Core/Src/main.o
 .debug_macro   0x0000daff       0x10 Core/Src/main.o
 .debug_macro   0x0000db0f       0x5e Core/Src/main.o
 .debug_macro   0x0000db6d       0xda Core/Src/system_stm32f4xx.o
 .debug_macro   0x0000dc47       0xe1 Drivers/src/ADC.o
 .debug_macro   0x0000dd28      0x1a5 Drivers/src/LCD.o
 .debug_macro   0x0000decd       0x5e Drivers/src/LCD.o
 .debug_macro   0x0000df2b      0x10e Drivers/src/LCD.o
 .debug_macro   0x0000e039       0x8d Drivers/src/LCD.o
 .debug_macro   0x0000e0c6      0x32a Drivers/src/LCD.o
 .debug_macro   0x0000e3f0       0xe1 Drivers/src/gpio.o

.debug_line     0x00000000     0x177b
 .debug_line    0x00000000      0x422 Core/Src/main.o
 .debug_line    0x00000422      0x40f Core/Src/system_stm32f4xx.o
 .debug_line    0x00000831      0x466 Drivers/src/ADC.o
 .debug_line    0x00000c97      0x5d6 Drivers/src/LCD.o
 .debug_line    0x0000126d      0x48d Drivers/src/gpio.o
 .debug_line    0x000016fa       0x81 startup/startup_stm32f401xc.o

.debug_str      0x00000000    0x52765
 .debug_str     0x00000000    0x4f46b Core/Src/main.o
                              0x4f5e9 (size before relaxing)
 .debug_str     0x0004f46b      0x1f6 Core/Src/system_stm32f4xx.o
                              0x4f5ce (size before relaxing)
 .debug_str     0x0004f661       0xf3 Drivers/src/ADC.o
                              0x4f6bd (size before relaxing)
 .debug_str     0x0004f754     0x2f6a Drivers/src/LCD.o
                              0x5254c (size before relaxing)
 .debug_str     0x000526be       0x58 Drivers/src/gpio.o
                              0x4f681 (size before relaxing)
 .debug_str     0x00052716       0x4f startup/startup_stm32f401xc.o

.comment        0x00000000       0x7f
 .comment       0x00000000       0x7f Core/Src/main.o
                                 0x80 (size before relaxing)
 .comment       0x0000007f       0x80 Core/Src/system_stm32f4xx.o
 .comment       0x0000007f       0x80 Drivers/src/ADC.o
 .comment       0x0000007f       0x80 Drivers/src/LCD.o
 .comment       0x0000007f       0x80 Drivers/src/gpio.o

.debug_frame    0x00000000      0x424
 .debug_frame   0x00000000       0x44 Core/Src/main.o
 .debug_frame   0x00000044       0x30 Core/Src/system_stm32f4xx.o
 .debug_frame   0x00000074       0x5c Drivers/src/ADC.o
 .debug_frame   0x000000d0       0xe0 Drivers/src/LCD.o
 .debug_frame   0x000001b0       0xa8 Drivers/src/gpio.o
 .debug_frame   0x00000258       0xac c:/ac6/systemworkbench/plugins/fr.ac6.mcu.externaltools.arm-none.win32_1.17.0.201812190825/tools/compiler/bin/../lib/gcc/arm-none-eabi/7.3.1/thumb/v7e-m/fpv4-sp/hard\libgcc.a(_arm_addsubdf3.o)
 .debug_frame   0x00000304       0x50 c:/ac6/systemworkbench/plugins/fr.ac6.mcu.externaltools.arm-none.win32_1.17.0.201812190825/tools/compiler/bin/../lib/gcc/arm-none-eabi/7.3.1/thumb/v7e-m/fpv4-sp/hard\libgcc.a(_arm_muldivdf3.o)
 .debug_frame   0x00000354       0x24 c:/ac6/systemworkbench/plugins/fr.ac6.mcu.externaltools.arm-none.win32_1.17.0.201812190825/tools/compiler/bin/../lib/gcc/arm-none-eabi/7.3.1/thumb/v7e-m/fpv4-sp/hard\libgcc.a(_arm_fixunsdfsi.o)
 .debug_frame   0x00000378       0x2c c:/ac6/systemworkbench/plugins/fr.ac6.mcu.externaltools.arm-none.win32_1.17.0.201812190825/tools/compiler/bin/../lib/gcc/arm-none-eabi/7.3.1/../../../../arm-none-eabi/lib/thumb/v7e-m/fpv4-sp/hard\libc_nano.a(lib_a-init.o)
 .debug_frame   0x000003a4       0x38 c:/ac6/systemworkbench/plugins/fr.ac6.mcu.externaltools.arm-none.win32_1.17.0.201812190825/tools/compiler/bin/../lib/gcc/arm-none-eabi/7.3.1/../../../../arm-none-eabi/lib/thumb/v7e-m/fpv4-sp/hard\libc_nano.a(lib_a-itoa.o)
 .debug_frame   0x000003dc       0x48 c:/ac6/systemworkbench/plugins/fr.ac6.mcu.externaltools.arm-none.win32_1.17.0.201812190825/tools/compiler/bin/../lib/gcc/arm-none-eabi/7.3.1/../../../../arm-none-eabi/lib/thumb/v7e-m/fpv4-sp/hard\libc_nano.a(lib_a-utoa.o)
